python : Traceback (most recent 
call last):
At line:1 char:1
+ python manage.py migrate 
--traceback > error_log.txt 2>&1
+ ~~~~~~~~~~~~~~~~~~~~~~~~~~~~~~~~
~~~~~~~~~~~~~~~~~~~~~~~~~
    + CategoryInfo          : Not 
   Specified: (Traceback (most r  
  ecent call last)::String) [],   
  RemoteException
    + FullyQualifiedErrorId : Nat 
   iveCommandError
 
  File "C:\Users\jai06\OneDrive\De
sktop\Odoo\Globe-trotter-techdecks
\backend\manage.py", line 22, in 
<module>
    main()
    ~~~~^^
  File "C:\Users\jai06\OneDrive\De
sktop\Odoo\Globe-trotter-techdecks
\backend\manage.py", line 18, in 
main
    execute_from_command_line(sys.
argv)
    ~~~~~~~~~~~~~~~~~~~~~~~~~^^^^^
^^^^^
  File "C:\Users\jai06\AppData\Roa
ming\Python\Python314\site-package
s\django\core\management\__init__.
py", line 442, in 
execute_from_command_line
    utility.execute()
    ~~~~~~~~~~~~~~~^^
  File "C:\Users\jai06\AppData\Roa
ming\Python\Python314\site-package
s\django\core\management\__init__.
py", line 436, in execute
    self.fetch_command(subcommand)
.run_from_argv(self.argv)
    ~~~~~~~~~~~~~~~~~~~~~~~~~~~~~~
~~~~~~~~~~~~~~^^^^^^^^^^^
  File "C:\Users\jai06\AppData\Roa
ming\Python\Python314\site-package
s\django\core\management\base.py",
 line 412, in run_from_argv
    self.execute(*args, 
**cmd_options)
    
~~~~~~~~~~~~^^^^^^^^^^^^^^^^^^^^^^
  File "C:\Users\jai06\AppData\Roa
ming\Python\Python314\site-package
s\django\core\management\base.py",
 line 458, in execute
    output = self.handle(*args, 
**options)
  File "C:\Users\jai06\AppData\Roa
ming\Python\Python314\site-package
s\django\core\management\base.py",
 line 106, in wrapper
    res = handle_func(*args, 
**kwargs)
  File "C:\Users\jai06\AppData\Roa
ming\Python\Python314\site-package
s\django\core\management\commands\
migrate.py", line 100, in handle
    
self.check(databases=[database])
    
~~~~~~~~~~^^^^^^^^^^^^^^^^^^^^^^
  File "C:\Users\jai06\AppData\Roa
ming\Python\Python314\site-package
s\django\core\management\base.py",
 line 485, in check
    all_issues = 
checks.run_checks(
        app_configs=app_configs,
    ...<2 lines>...
        databases=databases,
    )
  File "C:\Users\jai06\AppData\Roa
ming\Python\Python314\site-package
s\django\core\checks\registry.py",
 line 88, in run_checks
    new_errors = 
check(app_configs=app_configs, 
databases=databases)
  File "C:\Users\jai06\AppData\Roa
ming\Python\Python314\site-package
s\django\core\checks\urls.py", 
line 14, in check_url_config
    return 
check_resolver(resolver)
  File "C:\Users\jai06\AppData\Roa
ming\Python\Python314\site-package
s\django\core\checks\urls.py", 
line 24, in check_resolver
    return check_method()
  File "C:\Users\jai06\AppData\Roa
ming\Python\Python314\site-package
s\django\urls\resolvers.py", line 
494, in check
    for pattern in 
self.url_patterns:
                   
^^^^^^^^^^^^^^^^^
  File "C:\Users\jai06\AppData\Roa
ming\Python\Python314\site-package
s\django\utils\functional.py", 
line 57, in __get__
    res = 
instance.__dict__[self.name] = 
self.func(instance)
                                  
       ~~~~~~~~~^^^^^^^^^^
  File "C:\Users\jai06\AppData\Roa
ming\Python\Python314\site-package
s\django\urls\resolvers.py", line 
715, in url_patterns
    patterns = 
getattr(self.urlconf_module, 
"urlpatterns", 
self.urlconf_module)
                       
^^^^^^^^^^^^^^^^^^^
  File "C:\Users\jai06\AppData\Roa
ming\Python\Python314\site-package
s\django\utils\functional.py", 
line 57, in __get__
    res = 
instance.__dict__[self.name] = 
self.func(instance)
                                  
       ~~~~~~~~~^^^^^^^^^^
  File "C:\Users\jai06\AppData\Roa
ming\Python\Python314\site-package
s\django\urls\resolvers.py", line 
708, in urlconf_module
    return 
import_module(self.urlconf_name)
  File "C:\Python314\Lib\importlib
\__init__.py", line 88, in 
import_module
    return _bootstrap._gcd_import(
name[level:], package, level)
           ~~~~~~~~~~~~~~~~~~~~~~^
^^^^^^^^^^^^^^^^^^^^^^^^^^^^^
  File "<frozen 
importlib._bootstrap>", line 
1398, in _gcd_import
  File "<frozen 
importlib._bootstrap>", line 
1371, in _find_and_load
  File "<frozen 
importlib._bootstrap>", line 
1342, in _find_and_load_unlocked
  File "<frozen 
importlib._bootstrap>", line 938, 
in _load_unlocked
  File "<frozen 
importlib._bootstrap_external>", 
line 759, in exec_module
  File "<frozen 
importlib._bootstrap>", line 491, 
in _call_with_frames_removed
  File "C:\Users\jai06\OneDrive\De
sktop\Odoo\Globe-trotter-techdecks
\backend\backend\urls.py", line 
22, in <module>
    path('api/', 
include('core.urls')),
                 
~~~~~~~^^^^^^^^^^^^^
  File "C:\Users\jai06\AppData\Roa
ming\Python\Python314\site-package
s\django\urls\conf.py", line 38, 
in include
    urlconf_module = 
import_module(urlconf_module)
  File "C:\Python314\Lib\importlib
\__init__.py", line 88, in 
import_module
    return _bootstrap._gcd_import(
name[level:], package, level)
           ~~~~~~~~~~~~~~~~~~~~~~^
^^^^^^^^^^^^^^^^^^^^^^^^^^^^^
  File "<frozen 
importlib._bootstrap>", line 
1398, in _gcd_import
  File "<frozen 
importlib._bootstrap>", line 
1371, in _find_and_load
  File "<frozen 
importlib._bootstrap>", line 
1342, in _find_and_load_unlocked
  File "<frozen 
importlib._bootstrap>", line 938, 
in _load_unlocked
  File "<frozen 
importlib._bootstrap_external>", 
line 759, in exec_module
  File "<frozen 
importlib._bootstrap>", line 491, 
in _call_with_frames_removed
  File "C:\Users\jai06\OneDrive\De
sktop\Odoo\Globe-trotter-techdecks
\backend\core\urls.py", line 4, 
in <module>
    from core.api.auth import (
    ...<7 lines>...
    )
  File "C:\Users\jai06\OneDrive\De
sktop\Odoo\Globe-trotter-techdecks
\backend\core\api\auth.py", line 
7, in <module>
    from core.serializers.auth 
import (
    ...<6 lines>...
    )
ImportError: cannot import name 
'ChangePasswordSerializer' from 
'core.serializers.auth' (C:\Users\
jai06\OneDrive\Desktop\Odoo\Globe-
trotter-techdecks\backend\core\ser
ializers\auth.py)
